Product: MDK-ARM Standard 5.10
Component: ARM Compiler 5.04 update 1 (build 49)
Tool: armlink [5040049]

==============================================================================

Section Cross References

    startup_stm32f10x_md.o(RESET) refers to startup_stm32f10x_md.o(STACK) for __initial_sp
    startup_stm32f10x_md.o(RESET) refers to startup_stm32f10x_md.o(.text) for Reset_Handler
    startup_stm32f10x_md.o(RESET) refers to stm32f10x_it.o(.text) for NMI_Handler
    startup_stm32f10x_md.o(RESET) refers to can1.o(.text) for USB_LP_CAN1_RX0_IRQHandler
    startup_stm32f10x_md.o(RESET) refers to clock.o(.text) for TIM1_UP_IRQHandler
    startup_stm32f10x_md.o(.text) refers to system_stm32f10x.o(.text) for SystemInit
    startup_stm32f10x_md.o(.text) refers to entry.o(.ARM.Collect$$$$00000000) for __main
    main.o(.text) refers to uart.o(.text) for send_some_bytes
    main.o(.text) refers to dflti.o(.text) for __aeabi_i2d
    main.o(.text) refers to dmul.o(.text) for __aeabi_dmul
    main.o(.text) refers to sin.o(i.sin) for sin
    main.o(.text) refers to d2f.o(.text) for __aeabi_d2f
    main.o(.text) refers to misc.o(.text) for NVIC_PriorityGroupConfig
    main.o(.text) refers to delay.o(.text) for delay_init
    main.o(.text) refers to led.o(.text) for LED_GPIO_Config
    main.o(.text) refers to can1.o(.text) for CAN1_Configuration
    main.o(.text) refers to motor.o(.text) for Motor_init
    main.o(.text) refers to clock.o(.text) for Clock_init
    main.o(.text) refers to main.o(.bss) for send_buff
    main.o(.text) refers to main.o(.data) for x
    stm32f10x_it.o(.text) refers to stm32f10x_usart.o(.text) for USART_GetITStatus
    stm32f10x_it.o(.text) refers to stm32f10x_exti.o(.text) for EXTI_GetITStatus
    stm32f10x_it.o(.text) refers to ffltui.o(.text) for __aeabi_ui2f
    stm32f10x_it.o(.text) refers to f2d.o(.text) for __aeabi_f2d
    stm32f10x_it.o(.text) refers to ddiv.o(.text) for __aeabi_ddiv
    stm32f10x_it.o(.text) refers to dmul.o(.text) for __aeabi_dmul
    stm32f10x_it.o(.text) refers to d2f.o(.text) for __aeabi_d2f
    stm32f10x_it.o(.text) refers to cfcmple.o(.text) for __aeabi_cfcmple
    stm32f10x_it.o(.text) refers to sonic.o(.text) for Sonic_update
    stm32f10x_it.o(.text) refers to stm32f10x_it.o(.data) for exti_flag
    stm32f10x_it.o(.text) refers to sonic.o(.bss) for s_sonic
    led.o(.text) refers to stm32f10x_rcc.o(.text) for RCC_APB2PeriphClockCmd
    led.o(.text) refers to stm32f10x_gpio.o(.text) for GPIO_Init
    led.o(.text) refers to clock.o(.data) for led_cnt
    delay.o(.text) refers to delay.o(.data) for fac_us
    motor.o(.text) refers to cfcmple.o(.text) for __aeabi_cfcmple
    motor.o(.text) refers to cfrcmple.o(.text) for __aeabi_cfrcmple
    motor.o(.text) refers to ffixi.o(.text) for __aeabi_f2iz
    motor.o(.text) refers to robotmoduledriver.o(.text) for RoboModule_open_loop_mode_set_data
    motor.o(.text) refers to delay.o(.text) for delay_ms
    motor.o(.text) refers to fadd.o(.text) for __aeabi_fsub
    motor.o(.text) refers to fmul.o(.text) for __aeabi_fmul
    motor.o(.text) refers to motor.o(.bss) for s_pid_para
    motor.o(.text) refers to protocal.o(.bss) for s_communication
    motor.o(.text) refers to robotmoduledriver.o(.bss) for s_robo_module
    motor.o(.text) refers to motor.o(.data) for Motor_Clock
    uart.o(.text) refers to stm32f10x_rcc.o(.text) for RCC_AHBPeriphClockCmd
    uart.o(.text) refers to stm32f10x_dma.o(.text) for DMA_Init
    uart.o(.text) refers to stm32f10x_usart.o(.text) for USART_DMACmd
    uart.o(.text) refers to misc.o(.text) for NVIC_PriorityGroupConfig
    uart.o(.text) refers to stm32f10x_gpio.o(.text) for GPIO_Init
    uart.o(.text) refers to protocal.o(.bss) for s_communication
    clock.o(.text) refers to stm32f10x_rcc.o(.text) for RCC_APB2PeriphClockCmd
    clock.o(.text) refers to stm32f10x_tim.o(.text) for TIM_InternalClockConfig
    clock.o(.text) refers to misc.o(.text) for NVIC_Init
    clock.o(.text) refers to led.o(.text) for Led_Flash
    clock.o(.text) refers to robotmoduledriver.o(.text) for task_update_motor_data
    clock.o(.text) refers to motor.o(.text) for task_motor_control
    clock.o(.text) refers to protocal.o(.text) for Proto_send
    clock.o(.text) refers to can1.o(.text) for CAN1_Send
    clock.o(.text) refers to clock.o(.data) for led_cnt
    clock.o(.text) refers to motor.o(.data) for Motor_Clock
    clock.o(.text) refers to sonic.o(.bss) for s_sonic
    clock.o(.text) refers to can1.o(.bss) for s_can_msg
    drv_spi.o(.text) refers to stm32f10x_rcc.o(.text) for RCC_AHBPeriphClockCmd
    drv_spi.o(.text) refers to stm32f10x_dma.o(.text) for DMA_DeInit
    drv_spi.o(.text) refers to stm32f10x_spi.o(.text) for SPI_I2S_DMACmd
    drv_spi.o(.text) refers to stm32f10x_gpio.o(.text) for GPIO_Init
    drv_spi.o(.text) refers to drv_spi.o(.data) for SPI1_TX_Buff
    drv_rf24l01.o(.text) refers to drv_spi.o(.text) for drv_spi_read_write_byte
    drv_rf24l01.o(.text) refers to delay.o(.text) for delay_ms
    drv_rf24l01.o(.text) refers to stm32f10x_rcc.o(.text) for RCC_APB2PeriphClockCmd
    drv_rf24l01.o(.text) refers to stm32f10x_gpio.o(.text) for GPIO_Init
    drv_rf24l01.o(.data) refers to drv_rf24l01.o(.conststring) for .conststring
    sonic.o(.text) refers to stm32f10x_rcc.o(.text) for RCC_APB2PeriphClockCmd
    sonic.o(.text) refers to stm32f10x_gpio.o(.text) for GPIO_Init
    sonic.o(.text) refers to misc.o(.text) for NVIC_Init
    sonic.o(.text) refers to stm32f10x_exti.o(.text) for EXTI_Init
    sonic.o(.text) refers to stm32f10x_tim.o(.text) for TIM_InternalClockConfig
    sonic.o(.text) refers to cfrcmple.o(.text) for __aeabi_cfrcmple
    sonic.o(.text) refers to cfcmple.o(.text) for __aeabi_cfcmple
    sonic.o(.text) refers to fadd.o(.text) for __aeabi_fadd
    sonic.o(.text) refers to fdiv.o(.text) for __aeabi_fdiv
    sonic.o(.text) refers to sonic.o(.bss) for s_sonic
    protocal.o(.text) refers to can1.o(.text) for CAN1_Send
    protocal.o(.text) refers to robotmoduledriver.o(.text) for RoboModule_rev_pro
    protocal.o(.text) refers to protocal.o(.bss) for s_communication
    protocal.o(.text) refers to can1.o(.bss) for s_can_msg
    can1.o(.text) refers to stm32f10x_rcc.o(.text) for RCC_APB2PeriphClockCmd
    can1.o(.text) refers to stm32f10x_gpio.o(.text) for GPIO_PinRemapConfig
    can1.o(.text) refers to misc.o(.text) for NVIC_Init
    can1.o(.text) refers to stm32f10x_can.o(.text) for CAN_DeInit
    can1.o(.text) refers to protocal.o(.text) for protocol_rev
    can1.o(.text) refers to can1.o(.bss) for s_can_msg
    robotmoduledriver.o(.text) refers to can1.o(.text) for CAN1_Send
    robotmoduledriver.o(.text) refers to fflti.o(.text) for __aeabi_i2f
    robotmoduledriver.o(.text) refers to fdiv.o(.text) for __aeabi_fdiv
    robotmoduledriver.o(.text) refers to f2d.o(.text) for __aeabi_f2d
    robotmoduledriver.o(.text) refers to dmul.o(.text) for __aeabi_dmul
    robotmoduledriver.o(.text) refers to ddiv.o(.text) for __aeabi_ddiv
    robotmoduledriver.o(.text) refers to d2f.o(.text) for __aeabi_d2f
    robotmoduledriver.o(.text) refers to robotmoduledriver.o(.bss) for s_robo_module
    robotmoduledriver.o(.text) refers to can1.o(.bss) for s_can_msg
    robotmoduledriver.o(.text) refers to protocal.o(.bss) for s_communication
    stm32f10x_rcc.o(.text) refers to stm32f10x_rcc.o(.data) for APBAHBPrescTable
    stm32f10x_gpio.o(.text) refers to stm32f10x_rcc.o(.text) for RCC_APB2PeriphResetCmd
    stm32f10x_tim.o(.text) refers to stm32f10x_rcc.o(.text) for RCC_APB2PeriphResetCmd
    stm32f10x_usart.o(.text) refers to stm32f10x_rcc.o(.text) for RCC_APB2PeriphResetCmd
    stm32f10x_spi.o(.text) refers to stm32f10x_rcc.o(.text) for RCC_APB2PeriphResetCmd
    stm32f10x_can.o(.text) refers to stm32f10x_rcc.o(.text) for RCC_APB1PeriphResetCmd
    system_stm32f10x.o(.text) refers to system_stm32f10x.o(.data) for SystemCoreClock
    sin.o(i.__softfp_sin) refers (Special) to iusefp.o(.text) for __I$use$fp
    sin.o(i.__softfp_sin) refers to sin.o(i.sin) for sin
    sin.o(i.sin) refers (Special) to iusefp.o(.text) for __I$use$fp
    sin.o(i.sin) refers to errno.o(i.__set_errno) for __set_errno
    sin.o(i.sin) refers to ddiv.o(.text) for __aeabi_ddiv
    sin.o(i.sin) refers to dscalb.o(.text) for __ARM_scalbn
    sin.o(i.sin) refers to rred.o(i.__ieee754_rem_pio2) for __ieee754_rem_pio2
    sin.o(i.sin) refers to cos_i.o(i.__kernel_cos) for __kernel_cos
    sin.o(i.sin) refers to sin_i.o(i.__kernel_sin) for __kernel_sin
    sin_x.o(i.____softfp_sin$lsc) refers (Special) to iusefp.o(.text) for __I$use$fp
    sin_x.o(i.____softfp_sin$lsc) refers to sin_x.o(i.__sin$lsc) for __sin$lsc
    sin_x.o(i.__sin$lsc) refers (Special) to iusefp.o(.text) for __I$use$fp
    sin_x.o(i.__sin$lsc) refers to errno.o(i.__set_errno) for __set_errno
    sin_x.o(i.__sin$lsc) refers to dscalb.o(.text) for __ARM_scalbn
    sin_x.o(i.__sin$lsc) refers to rred.o(i.__ieee754_rem_pio2) for __ieee754_rem_pio2
    sin_x.o(i.__sin$lsc) refers to cos_i.o(i.__kernel_cos) for __kernel_cos
    sin_x.o(i.__sin$lsc) refers to sin_i.o(i.__kernel_sin) for __kernel_sin
    entry.o(.ARM.Collect$$$$00000000) refers (Special) to entry10a.o(.ARM.Collect$$$$0000000D) for __rt_final_cpp
    entry.o(.ARM.Collect$$$$00000000) refers (Special) to entry11a.o(.ARM.Collect$$$$0000000F) for __rt_final_exit
    entry.o(.ARM.Collect$$$$00000000) refers (Special) to entry7b.o(.ARM.Collect$$$$00000008) for _main_clock
    entry.o(.ARM.Collect$$$$00000000) refers (Special) to entry8b.o(.ARM.Collect$$$$0000000A) for _main_cpp_init
    entry.o(.ARM.Collect$$$$00000000) refers (Special) to entry9a.o(.ARM.Collect$$$$0000000B) for _main_init
    entry.o(.ARM.Collect$$$$00000000) refers (Special) to entry5.o(.ARM.Collect$$$$00000004) for _main_scatterload
    entry.o(.ARM.Collect$$$$00000000) refers (Special) to entry2.o(.ARM.Collect$$$$00000001) for _main_stk
    fadd.o(.text) refers (Special) to iusefp.o(.text) for __I$use$fp
    fadd.o(.text) refers to fepilogue.o(.text) for _float_epilogue
    fmul.o(.text) refers (Special) to iusefp.o(.text) for __I$use$fp
    fdiv.o(.text) refers (Special) to iusefp.o(.text) for __I$use$fp
    fdiv.o(.text) refers to fepilogue.o(.text) for _float_round
    dmul.o(.text) refers (Special) to iusefp.o(.text) for __I$use$fp
    dmul.o(.text) refers to depilogue.o(.text) for _double_epilogue
    ddiv.o(.text) refers (Special) to iusefp.o(.text) for __I$use$fp
    ddiv.o(.text) refers to depilogue.o(.text) for _double_round
    fflti.o(.text) refers (Special) to iusefp.o(.text) for __I$use$fp
    fflti.o(.text) refers to fepilogue.o(.text) for _float_epilogue
    ffltui.o(.text) refers (Special) to iusefp.o(.text) for __I$use$fp
    ffltui.o(.text) refers to fepilogue.o(.text) for _float_epilogue
    dflti.o(.text) refers (Special) to iusefp.o(.text) for __I$use$fp
    dflti.o(.text) refers to depilogue.o(.text) for _double_epilogue
    ffixi.o(.text) refers (Special) to iusefp.o(.text) for __I$use$fp
    f2d.o(.text) refers (Special) to iusefp.o(.text) for __I$use$fp
    d2f.o(.text) refers (Special) to iusefp.o(.text) for __I$use$fp
    d2f.o(.text) refers to fepilogue.o(.text) for _float_round
    cfcmple.o(.text) refers (Special) to iusefp.o(.text) for __I$use$fp
    cfrcmple.o(.text) refers (Special) to iusefp.o(.text) for __I$use$fp
    cos_i.o(i.__kernel_cos) refers (Special) to iusefp.o(.text) for __I$use$fp
    cos_i.o(i.__kernel_cos) refers to dfixi.o(.text) for __aeabi_d2iz
    cos_i.o(i.__kernel_cos) refers to dmul.o(.text) for __aeabi_dmul
    cos_i.o(i.__kernel_cos) refers to poly.o(i.__kernel_poly) for __kernel_poly
    cos_i.o(i.__kernel_cos) refers to dadd.o(.text) for __aeabi_dsub
    cos_i.o(i.__kernel_cos) refers to dscalb.o(.text) for __ARM_scalbn
    cos_i.o(i.__kernel_cos) refers to cos_i.o(.constdata) for .constdata
    cos_i.o(.constdata) refers (Special) to iusefp.o(.text) for __I$use$fp
    rred.o(i.__ieee754_rem_pio2) refers (Special) to iusefp.o(.text) for __I$use$fp
    rred.o(i.__ieee754_rem_pio2) refers to dadd.o(.text) for __aeabi_dsub
    rred.o(i.__ieee754_rem_pio2) refers to dmul.o(.text) for __aeabi_dmul
    rred.o(i.__ieee754_rem_pio2) refers to dfixi.o(.text) for __aeabi_d2iz
    rred.o(i.__ieee754_rem_pio2) refers to dflti.o(.text) for __aeabi_i2d
    rred.o(i.__ieee754_rem_pio2) refers to dfltui.o(.text) for __aeabi_ui2d
    rred.o(i.__ieee754_rem_pio2) refers to dscalb.o(.text) for __ARM_scalbn
    rred.o(i.__ieee754_rem_pio2) refers to rred.o(.constdata) for .constdata
    rred.o(i.__use_accurate_range_reduction) refers (Special) to iusefp.o(.text) for __I$use$fp
    rred.o(.constdata) refers (Special) to iusefp.o(.text) for __I$use$fp
    sin_i.o(i.__kernel_sin) refers (Special) to iusefp.o(.text) for __I$use$fp
    sin_i.o(i.__kernel_sin) refers to fpclassify.o(i.__ARM_fpclassify) for __ARM_fpclassify
    sin_i.o(i.__kernel_sin) refers to dunder.o(i.__mathlib_dbl_underflow) for __mathlib_dbl_underflow
    sin_i.o(i.__kernel_sin) refers to dmul.o(.text) for __aeabi_dmul
    sin_i.o(i.__kernel_sin) refers to poly.o(i.__kernel_poly) for __kernel_poly
    sin_i.o(i.__kernel_sin) refers to dscalb.o(.text) for __ARM_scalbn
    sin_i.o(i.__kernel_sin) refers to dadd.o(.text) for __aeabi_dsub
    sin_i.o(i.__kernel_sin) refers to sin_i.o(.constdata) for .constdata
    sin_i.o(.constdata) refers (Special) to iusefp.o(.text) for __I$use$fp
    sin_i_x.o(i.____kernel_sin$lsc) refers (Special) to iusefp.o(.text) for __I$use$fp
    sin_i_x.o(i.____kernel_sin$lsc) refers to dmul.o(.text) for __aeabi_dmul
    sin_i_x.o(i.____kernel_sin$lsc) refers to poly.o(i.__kernel_poly) for __kernel_poly
    sin_i_x.o(i.____kernel_sin$lsc) refers to dscalb.o(.text) for __ARM_scalbn
    sin_i_x.o(i.____kernel_sin$lsc) refers to dadd.o(.text) for __aeabi_dsub
    sin_i_x.o(i.____kernel_sin$lsc) refers to sin_i_x.o(.constdata) for .constdata
    sin_i_x.o(.constdata) refers (Special) to iusefp.o(.text) for __I$use$fp
    entry2.o(.ARM.Collect$$$$00000001) refers to entry2.o(.ARM.Collect$$$$00002712) for __lit__00000000
    entry2.o(.ARM.Collect$$$$00002712) refers to startup_stm32f10x_md.o(STACK) for __initial_sp
    entry2.o(__vectab_stack_and_reset_area) refers to startup_stm32f10x_md.o(STACK) for __initial_sp
    entry2.o(__vectab_stack_and_reset_area) refers to entry.o(.ARM.Collect$$$$00000000) for __main
    entry5.o(.ARM.Collect$$$$00000004) refers to init.o(.text) for __scatterload
    entry9a.o(.ARM.Collect$$$$0000000B) refers to main.o(.text) for main
    entry9b.o(.ARM.Collect$$$$0000000C) refers to main.o(.text) for main
    errno.o(i.__aeabi_errno_addr) refers to errno.o(.data) for .data
    errno.o(i.__read_errno) refers to errno.o(.data) for .data
    errno.o(i.__set_errno) refers to errno.o(.data) for .data
    depilogue.o(.text) refers to llshl.o(.text) for __aeabi_llsl
    depilogue.o(.text) refers to llushr.o(.text) for __aeabi_llsr
    dunder.o(i.__mathlib_dbl_underflow) refers to dscalb.o(.text) for __ARM_scalbn
    fpclassify.o(i.__ARM_fpclassify) refers (Special) to iusefp.o(.text) for __I$use$fp
    poly.o(i.__kernel_poly) refers (Special) to iusefp.o(.text) for __I$use$fp
    poly.o(i.__kernel_poly) refers to dmul.o(.text) for __aeabi_dmul
    poly.o(i.__kernel_poly) refers to dadd.o(.text) for __aeabi_dadd
    init.o(.text) refers to entry5.o(.ARM.Collect$$$$00000004) for __main_after_scatterload
    dadd.o(.text) refers to llshl.o(.text) for __aeabi_llsl
    dadd.o(.text) refers to llsshr.o(.text) for __aeabi_lasr
    dadd.o(.text) refers to depilogue.o(.text) for _double_epilogue
    dfltui.o(.text) refers to depilogue.o(.text) for _double_epilogue
    dfixi.o(.text) refers to llushr.o(.text) for __aeabi_llsr


==============================================================================

Removing Unused input sections from the image.

    Removing startup_stm32f10x_md.o(HEAP), (512 bytes).
    Removing led.o(.data), (4 bytes).
    Removing drv_spi.o(.text), (520 bytes).
    Removing drv_spi.o(.data), (8 bytes).
    Removing drv_rf24l01.o(.text), (1768 bytes).
    Removing drv_rf24l01.o(.conststring), (25 bytes).
    Removing drv_rf24l01.o(.data), (4 bytes).
    Removing robotmoduledriver.o(.data), (2 bytes).
    Removing stm32f10x_spi.o(.text), (780 bytes).
    Removing core_cm3.o(.emb_text), (32 bytes).

10 unused section(s) (total 3655 bytes) removed from the image.

==============================================================================

Image Symbol Table

    Local Symbols

    Symbol Name                              Value     Ov Type        Size  Object(Section)

    ../clib/microlib/errno.c                 0x00000000   Number         0  errno.o ABSOLUTE
    ../clib/microlib/init/entry.s            0x00000000   Number         0  entry11a.o ABSOLUTE
    ../clib/microlib/init/entry.s            0x00000000   Number         0  entry8a.o ABSOLUTE
    ../clib/microlib/init/entry.s            0x00000000   Number         0  entry.o ABSOLUTE
    ../clib/microlib/init/entry.s            0x00000000   Number         0  entry10b.o ABSOLUTE
    ../clib/microlib/init/entry.s            0x00000000   Number         0  entry8b.o ABSOLUTE
    ../clib/microlib/init/entry.s            0x00000000   Number         0  entry9a.o ABSOLUTE
    ../clib/microlib/init/entry.s            0x00000000   Number         0  entry11b.o ABSOLUTE
    ../clib/microlib/init/entry.s            0x00000000   Number         0  entry9b.o ABSOLUTE
    ../clib/microlib/init/entry.s            0x00000000   Number         0  entry5.o ABSOLUTE
    ../clib/microlib/init/entry.s            0x00000000   Number         0  entry10a.o ABSOLUTE
    ../clib/microlib/init/entry.s            0x00000000   Number         0  entry7a.o ABSOLUTE
    ../clib/microlib/init/entry.s            0x00000000   Number         0  entry7b.o ABSOLUTE
    ../clib/microlib/init/entry.s            0x00000000   Number         0  entry2.o ABSOLUTE
    ../clib/microlib/longlong.c              0x00000000   Number         0  llsshr.o ABSOLUTE
    ../clib/microlib/longlong.c              0x00000000   Number         0  llshl.o ABSOLUTE
    ../clib/microlib/longlong.c              0x00000000   Number         0  llushr.o ABSOLUTE
    ../clib/microlib/stubs.s                 0x00000000   Number         0  iusefp.o ABSOLUTE
    ../fplib/microlib/d2f.c                  0x00000000   Number         0  d2f.o ABSOLUTE
    ../fplib/microlib/f2d.c                  0x00000000   Number         0  f2d.o ABSOLUTE
    ../fplib/microlib/fpadd.c                0x00000000   Number         0  fadd.o ABSOLUTE
    ../fplib/microlib/fpadd.c                0x00000000   Number         0  dadd.o ABSOLUTE
    ../fplib/microlib/fpdiv.c                0x00000000   Number         0  fdiv.o ABSOLUTE
    ../fplib/microlib/fpdiv.c                0x00000000   Number         0  ddiv.o ABSOLUTE
    ../fplib/microlib/fpepilogue.c           0x00000000   Number         0  fepilogue.o ABSOLUTE
    ../fplib/microlib/fpepilogue.c           0x00000000   Number         0  depilogue.o ABSOLUTE
    ../fplib/microlib/fpfix.c                0x00000000   Number         0  ffixi.o ABSOLUTE
    ../fplib/microlib/fpfix.c                0x00000000   Number         0  dfixi.o ABSOLUTE
    ../fplib/microlib/fpflt.c                0x00000000   Number         0  dfltui.o ABSOLUTE
    ../fplib/microlib/fpflt.c                0x00000000   Number         0  fflti.o ABSOLUTE
    ../fplib/microlib/fpflt.c                0x00000000   Number         0  ffltui.o ABSOLUTE
    ../fplib/microlib/fpflt.c                0x00000000   Number         0  dflti.o ABSOLUTE
    ../fplib/microlib/fpmul.c                0x00000000   Number         0  dmul.o ABSOLUTE
    ../fplib/microlib/fpmul.c                0x00000000   Number         0  fmul.o ABSOLUTE
    ../fplib/microlib/fpscalb.c              0x00000000   Number         0  dscalb.o ABSOLUTE
    ../mathlib/cos_i.c                       0x00000000   Number         0  cos_i.o ABSOLUTE
    ../mathlib/dunder.c                      0x00000000   Number         0  dunder.o ABSOLUTE
    ../mathlib/fpclassify.c                  0x00000000   Number         0  fpclassify.o ABSOLUTE
    ../mathlib/poly.c                        0x00000000   Number         0  poly.o ABSOLUTE
    ../mathlib/rred.c                        0x00000000   Number         0  rred.o ABSOLUTE
    ../mathlib/sin.c                         0x00000000   Number         0  sin.o ABSOLUTE
    ../mathlib/sin.c                         0x00000000   Number         0  sin_x.o ABSOLUTE
    ../mathlib/sin_i.c                       0x00000000   Number         0  sin_i_x.o ABSOLUTE
    ../mathlib/sin_i.c                       0x00000000   Number         0  sin_i.o ABSOLUTE
    ..\CMSIS\core_cm3.c                      0x00000000   Number         0  core_cm3.o ABSOLUTE
    ..\CMSIS\startup\startup_stm32f10x_md.s  0x00000000   Number         0  startup_stm32f10x_md.o ABSOLUTE
    ..\CMSIS\system_stm32f10x.c              0x00000000   Number         0  system_stm32f10x.o ABSOLUTE
    ..\FWlib\src\misc.c                      0x00000000   Number         0  misc.o ABSOLUTE
    ..\FWlib\src\stm32f10x_can.c             0x00000000   Number         0  stm32f10x_can.o ABSOLUTE
    ..\FWlib\src\stm32f10x_dma.c             0x00000000   Number         0  stm32f10x_dma.o ABSOLUTE
    ..\FWlib\src\stm32f10x_exti.c            0x00000000   Number         0  stm32f10x_exti.o ABSOLUTE
    ..\FWlib\src\stm32f10x_gpio.c            0x00000000   Number         0  stm32f10x_gpio.o ABSOLUTE
    ..\FWlib\src\stm32f10x_rcc.c             0x00000000   Number         0  stm32f10x_rcc.o ABSOLUTE
    ..\FWlib\src\stm32f10x_spi.c             0x00000000   Number         0  stm32f10x_spi.o ABSOLUTE
    ..\FWlib\src\stm32f10x_tim.c             0x00000000   Number         0  stm32f10x_tim.o ABSOLUTE
    ..\FWlib\src\stm32f10x_usart.c           0x00000000   Number         0  stm32f10x_usart.o ABSOLUTE
    ..\\CMSIS\\core_cm3.c                    0x00000000   Number         0  core_cm3.o ABSOLUTE
    CAN1.c                                   0x00000000   Number         0  can1.o ABSOLUTE
    Motor.c                                  0x00000000   Number         0  motor.o ABSOLUTE
    RobotModuleDriver.c                      0x00000000   Number         0  robotmoduledriver.o ABSOLUTE
    Sonic.c                                  0x00000000   Number         0  sonic.o ABSOLUTE
    cfcmple.s                                0x00000000   Number         0  cfcmple.o ABSOLUTE
    cfrcmple.s                               0x00000000   Number         0  cfrcmple.o ABSOLUTE
    clock.c                                  0x00000000   Number         0  clock.o ABSOLUTE
    dc.s                                     0x00000000   Number         0  dc.o ABSOLUTE
    delay.c                                  0x00000000   Number         0  delay.o ABSOLUTE
    drv_RF24L01.c                            0x00000000   Number         0  drv_rf24l01.o ABSOLUTE
    drv_gpio.c                               0x00000000   Number         0  drv_gpio.o ABSOLUTE
    drv_spi.c                                0x00000000   Number         0  drv_spi.o ABSOLUTE
    handlers.s                               0x00000000   Number         0  handlers.o ABSOLUTE
    init.s                                   0x00000000   Number         0  init.o ABSOLUTE
    led.c                                    0x00000000   Number         0  led.o ABSOLUTE
    main.c                                   0x00000000   Number         0  main.o ABSOLUTE
    protocal.c                               0x00000000   Number         0  protocal.o ABSOLUTE
    stm32f10x_it.c                           0x00000000   Number         0  stm32f10x_it.o ABSOLUTE
    uart.c                                   0x00000000   Number         0  uart.o ABSOLUTE
    RESET                                    0x08000000   Section      236  startup_stm32f10x_md.o(RESET)
    .ARM.Collect$$$$00000000                 0x080000ec   Section        0  entry.o(.ARM.Collect$$$$00000000)
    .ARM.Collect$$$$00000001                 0x080000ec   Section        4  entry2.o(.ARM.Collect$$$$00000001)
    .ARM.Collect$$$$00000004                 0x080000f0   Section        4  entry5.o(.ARM.Collect$$$$00000004)
    .ARM.Collect$$$$00000008                 0x080000f4   Section        0  entry7b.o(.ARM.Collect$$$$00000008)
    .ARM.Collect$$$$0000000A                 0x080000f4   Section        0  entry8b.o(.ARM.Collect$$$$0000000A)
    .ARM.Collect$$$$0000000B                 0x080000f4   Section        8  entry9a.o(.ARM.Collect$$$$0000000B)
    .ARM.Collect$$$$0000000D                 0x080000fc   Section        0  entry10a.o(.ARM.Collect$$$$0000000D)
    .ARM.Collect$$$$0000000F                 0x080000fc   Section        0  entry11a.o(.ARM.Collect$$$$0000000F)
    .ARM.Collect$$$$00002712                 0x080000fc   Section        4  entry2.o(.ARM.Collect$$$$00002712)
    __lit__00000000                          0x080000fc   Data           4  entry2.o(.ARM.Collect$$$$00002712)
    .text                                    0x08000100   Section       36  startup_stm32f10x_md.o(.text)
    .text                                    0x08000124   Section        0  main.o(.text)
    .text                                    0x080002ac   Section        0  stm32f10x_it.o(.text)
    .text                                    0x08000438   Section        0  led.o(.text)
    .text                                    0x08000494   Section        0  delay.o(.text)
    .text                                    0x08000548   Section        0  motor.o(.text)
    .text                                    0x0800077c   Section        0  uart.o(.text)
    .text                                    0x08000a2c   Section        0  clock.o(.text)
    .text                                    0x08000b78   Section        0  sonic.o(.text)
    Sonic_gpio_init                          0x08000b99   Thumb Code   128  sonic.o(.text)
    .text                                    0x08000e24   Section        0  protocal.o(.text)
    .text                                    0x08000f5c   Section        0  can1.o(.text)
    .text                                    0x0800114c   Section        0  robotmoduledriver.o(.text)
    .text                                    0x08001308   Section        0  stm32f10x_rcc.o(.text)
    .text                                    0x080016ac   Section        0  stm32f10x_gpio.o(.text)
    .text                                    0x08001a08   Section        0  stm32f10x_tim.o(.text)
    TI4_Config                               0x08001eaf   Thumb Code   130  stm32f10x_tim.o(.text)
    TI3_Config                               0x08001f43   Thumb Code   122  stm32f10x_tim.o(.text)
    TI2_Config                               0x08001fd7   Thumb Code   130  stm32f10x_tim.o(.text)
    TI1_Config                               0x0800206b   Thumb Code   108  stm32f10x_tim.o(.text)
    .text                                    0x08002824   Section        0  stm32f10x_dma.o(.text)
    .text                                    0x08002a78   Section        0  stm32f10x_usart.o(.text)
    .text                                    0x08002e80   Section        0  misc.o(.text)
    .text                                    0x08002f5c   Section        0  stm32f10x_exti.o(.text)
    .text                                    0x08003078   Section        0  stm32f10x_can.o(.text)
    CheckITStatus                            0x0800387b   Thumb Code    18  stm32f10x_can.o(.text)
    .text                                    0x08003a68   Section        0  system_stm32f10x.o(.text)
    SetSysClockTo72                          0x08003a69   Thumb Code   214  system_stm32f10x.o(.text)
    SetSysClock                              0x08003b3f   Thumb Code     8  system_stm32f10x.o(.text)
    .text                                    0x08003c48   Section        0  fadd.o(.text)
    .text                                    0x08003cf8   Section        0  fmul.o(.text)
    .text                                    0x08003d5c   Section        0  fdiv.o(.text)
    .text                                    0x08003dd8   Section        0  dmul.o(.text)
    .text                                    0x08003ebc   Section        0  ddiv.o(.text)
    .text                                    0x08003f9a   Section        0  fflti.o(.text)
    .text                                    0x08003fac   Section        0  ffltui.o(.text)
    .text                                    0x08003fb6   Section        0  dflti.o(.text)
    .text                                    0x08003fd8   Section        0  ffixi.o(.text)
    .text                                    0x0800400a   Section        0  f2d.o(.text)
    .text                                    0x08004030   Section        0  d2f.o(.text)
    .text                                    0x08004068   Section       20  cfcmple.o(.text)
    .text                                    0x0800407c   Section       20  cfrcmple.o(.text)
    .text                                    0x08004090   Section        0  iusefp.o(.text)
    .text                                    0x08004090   Section        0  fepilogue.o(.text)
    .text                                    0x080040fe   Section        0  depilogue.o(.text)
    .text                                    0x080041b4   Section        0  dscalb.o(.text)
    .text                                    0x080041e4   Section       36  init.o(.text)
    .text                                    0x08004208   Section        0  llshl.o(.text)
    .text                                    0x08004226   Section        0  llushr.o(.text)
    .text                                    0x08004246   Section        0  dadd.o(.text)
    .text                                    0x08004394   Section        0  dfltui.o(.text)
    .text                                    0x080043ae   Section        0  dfixi.o(.text)
    .text                                    0x080043ec   Section        0  llsshr.o(.text)
    i.__ARM_fpclassify                       0x08004410   Section        0  fpclassify.o(i.__ARM_fpclassify)
    i.__ieee754_rem_pio2                     0x08004438   Section        0  rred.o(i.__ieee754_rem_pio2)
    i.__kernel_cos                           0x080047c0   Section        0  cos_i.o(i.__kernel_cos)
    i.__kernel_poly                          0x080048bc   Section        0  poly.o(i.__kernel_poly)
    i.__kernel_sin                           0x08004968   Section        0  sin_i.o(i.__kernel_sin)
    i.__mathlib_dbl_underflow                0x08004a54   Section        0  dunder.o(i.__mathlib_dbl_underflow)
    i.__scatterload_copy                     0x08004a64   Section       14  handlers.o(i.__scatterload_copy)
    i.__scatterload_null                     0x08004a72   Section        2  handlers.o(i.__scatterload_null)
    i.__scatterload_zeroinit                 0x08004a74   Section       14  handlers.o(i.__scatterload_zeroinit)
    i.__set_errno                            0x08004a84   Section        0  errno.o(i.__set_errno)
    i.sin                                    0x08004a90   Section        0  sin.o(i.sin)
    .constdata                               0x08004b40   Section       48  cos_i.o(.constdata)
    C                                        0x08004b40   Data          48  cos_i.o(.constdata)
    .constdata                               0x08004b70   Section      200  rred.o(.constdata)
    pio2s                                    0x08004b70   Data          48  rred.o(.constdata)
    twooverpi                                0x08004ba0   Data         152  rred.o(.constdata)
    .constdata                               0x08004c38   Section       40  sin_i.o(.constdata)
    S                                        0x08004c38   Data          40  sin_i.o(.constdata)
    .data                                    0x20000000   Section       24  main.o(.data)
    .data                                    0x20000018   Section        6  stm32f10x_it.o(.data)
    .data                                    0x2000001e   Section        4  delay.o(.data)
    fac_us                                   0x2000001e   Data           1  delay.o(.data)
    fac_ms                                   0x20000020   Data           2  delay.o(.data)
    .data                                    0x20000024   Section        4  motor.o(.data)
    .data                                    0x20000028   Section       19  clock.o(.data)
    .data                                    0x2000003b   Section       20  stm32f10x_rcc.o(.data)
    APBAHBPrescTable                         0x2000003b   Data          16  stm32f10x_rcc.o(.data)
    ADCPrescTable                            0x2000004b   Data           4  stm32f10x_rcc.o(.data)
    .data                                    0x20000050   Section       20  system_stm32f10x.o(.data)
    .data                                    0x20000064   Section        4  errno.o(.data)
    _errno                                   0x20000064   Data           4  errno.o(.data)
    .bss                                     0x20000068   Section     4010  main.o(.bss)
    .bss                                     0x20001014   Section       36  motor.o(.bss)
    .bss                                     0x20001038   Section       36  sonic.o(.bss)
    .bss                                     0x2000105c   Section      408  protocal.o(.bss)
    .bss                                     0x200011f4   Section       36  can1.o(.bss)
    .bss                                     0x20001218   Section       16  robotmoduledriver.o(.bss)
    STACK                                    0x20001228   Section     1024  startup_stm32f10x_md.o(STACK)

    Global Symbols

    Symbol Name                              Value     Ov Type        Size  Object(Section)

    BuildAttributes$$THM_ISAv4$P$D$K$B$S$PE$A:L22UL41UL21$X:L11$S22US41US21$IEEE1$IW$USESV6$~STKCKD$USESV7$~SHL$OTIME$ROPI$IEEEX$EBA8$MICROLIB$REQ8$PRES8$EABIv2 0x00000000   Number         0  anon$$obj.o ABSOLUTE
    __ARM_use_no_argv                        0x00000000   Number         0  main.o ABSOLUTE
    __cpp_initialize__aeabi_                  - Undefined Weak Reference
    __cxa_finalize                            - Undefined Weak Reference
    __decompress                              - Undefined Weak Reference
    _clock_init                               - Undefined Weak Reference
    _microlib_exit                            - Undefined Weak Reference
    __Vectors_Size                           0x000000ec   Number         0  startup_stm32f10x_md.o ABSOLUTE
    __Vectors                                0x08000000   Data           4  startup_stm32f10x_md.o(RESET)
    __Vectors_End                            0x080000ec   Data           0  startup_stm32f10x_md.o(RESET)
    __main                                   0x080000ed   Thumb Code     0  entry.o(.ARM.Collect$$$$00000000)
    _main_stk                                0x080000ed   Thumb Code     0  entry2.o(.ARM.Collect$$$$00000001)
    _main_scatterload                        0x080000f1   Thumb Code     0  entry5.o(.ARM.Collect$$$$00000004)
    __main_after_scatterload                 0x080000f5   Thumb Code     0  entry5.o(.ARM.Collect$$$$00000004)
    _main_clock                              0x080000f5   Thumb Code     0  entry7b.o(.ARM.Collect$$$$00000008)
    _main_cpp_init                           0x080000f5   Thumb Code     0  entry8b.o(.ARM.Collect$$$$0000000A)
    _main_init                               0x080000f5   Thumb Code     0  entry9a.o(.ARM.Collect$$$$0000000B)
    __rt_final_cpp                           0x080000fd   Thumb Code     0  entry10a.o(.ARM.Collect$$$$0000000D)
    __rt_final_exit                          0x080000fd   Thumb Code     0  entry11a.o(.ARM.Collect$$$$0000000F)
    Reset_Handler                            0x08000101   Thumb Code     8  startup_stm32f10x_md.o(.text)
    ADC1_2_IRQHandler                        0x0800011b   Thumb Code     0  startup_stm32f10x_md.o(.text)
    CAN1_RX1_IRQHandler                      0x0800011b   Thumb Code     0  startup_stm32f10x_md.o(.text)
    CAN1_SCE_IRQHandler                      0x0800011b   Thumb Code     0  startup_stm32f10x_md.o(.text)
    DMA1_Channel1_IRQHandler                 0x0800011b   Thumb Code     0  startup_stm32f10x_md.o(.text)
    DMA1_Channel2_IRQHandler                 0x0800011b   Thumb Code     0  startup_stm32f10x_md.o(.text)
    DMA1_Channel3_IRQHandler                 0x0800011b   Thumb Code     0  startup_stm32f10x_md.o(.text)
    DMA1_Channel4_IRQHandler                 0x0800011b   Thumb Code     0  startup_stm32f10x_md.o(.text)
    DMA1_Channel5_IRQHandler                 0x0800011b   Thumb Code     0  startup_stm32f10x_md.o(.text)
    DMA1_Channel6_IRQHandler                 0x0800011b   Thumb Code     0  startup_stm32f10x_md.o(.text)
    DMA1_Channel7_IRQHandler                 0x0800011b   Thumb Code     0  startup_stm32f10x_md.o(.text)
    EXTI0_IRQHandler                         0x0800011b   Thumb Code     0  startup_stm32f10x_md.o(.text)
    EXTI15_10_IRQHandler                     0x0800011b   Thumb Code     0  startup_stm32f10x_md.o(.text)
    EXTI1_IRQHandler                         0x0800011b   Thumb Code     0  startup_stm32f10x_md.o(.text)
    EXTI2_IRQHandler                         0x0800011b   Thumb Code     0  startup_stm32f10x_md.o(.text)
    EXTI3_IRQHandler                         0x0800011b   Thumb Code     0  startup_stm32f10x_md.o(.text)
    EXTI4_IRQHandler                         0x0800011b   Thumb Code     0  startup_stm32f10x_md.o(.text)
    FLASH_IRQHandler                         0x0800011b   Thumb Code     0  startup_stm32f10x_md.o(.text)
    I2C1_ER_IRQHandler                       0x0800011b   Thumb Code     0  startup_stm32f10x_md.o(.text)
    I2C1_EV_IRQHandler                       0x0800011b   Thumb Code     0  startup_stm32f10x_md.o(.text)
    I2C2_ER_IRQHandler                       0x0800011b   Thumb Code     0  startup_stm32f10x_md.o(.text)
    I2C2_EV_IRQHandler                       0x0800011b   Thumb Code     0  startup_stm32f10x_md.o(.text)
    PVD_IRQHandler                           0x0800011b   Thumb Code     0  startup_stm32f10x_md.o(.text)
    RCC_IRQHandler                           0x0800011b   Thumb Code     0  startup_stm32f10x_md.o(.text)
    RTCAlarm_IRQHandler                      0x0800011b   Thumb Code     0  startup_stm32f10x_md.o(.text)
    RTC_IRQHandler                           0x0800011b   Thumb Code     0  startup_stm32f10x_md.o(.text)
    SPI1_IRQHandler                          0x0800011b   Thumb Code     0  startup_stm32f10x_md.o(.text)
    SPI2_IRQHandler                          0x0800011b   Thumb Code     0  startup_stm32f10x_md.o(.text)
    TAMPER_IRQHandler                        0x0800011b   Thumb Code     0  startup_stm32f10x_md.o(.text)
    TIM1_BRK_IRQHandler                      0x0800011b   Thumb Code     0  startup_stm32f10x_md.o(.text)
    TIM1_CC_IRQHandler                       0x0800011b   Thumb Code     0  startup_stm32f10x_md.o(.text)
    TIM1_TRG_COM_IRQHandler                  0x0800011b   Thumb Code     0  startup_stm32f10x_md.o(.text)
    TIM2_IRQHandler                          0x0800011b   Thumb Code     0  startup_stm32f10x_md.o(.text)
    TIM3_IRQHandler                          0x0800011b   Thumb Code     0  startup_stm32f10x_md.o(.text)
    TIM4_IRQHandler                          0x0800011b   Thumb Code     0  startup_stm32f10x_md.o(.text)
    USART1_IRQHandler                        0x0800011b   Thumb Code     0  startup_stm32f10x_md.o(.text)
    USART3_IRQHandler                        0x0800011b   Thumb Code     0  startup_stm32f10x_md.o(.text)
    USBWakeUp_IRQHandler                     0x0800011b   Thumb Code     0  startup_stm32f10x_md.o(.text)
    USB_HP_CAN1_TX_IRQHandler                0x0800011b   Thumb Code     0  startup_stm32f10x_md.o(.text)
    WWDG_IRQHandler                          0x0800011b   Thumb Code     0  startup_stm32f10x_md.o(.text)
    SendValue                                0x08000125   Thumb Code   180  main.o(.text)
    Send_data                                0x080001d9   Thumb Code    38  main.o(.text)
    init_distance                            0x080001ff   Thumb Code    70  main.o(.text)
    main                                     0x08000245   Thumb Code    70  main.o(.text)
    NMI_Handler                              0x080002ad   Thumb Code     2  stm32f10x_it.o(.text)
    HardFault_Handler                        0x080002af   Thumb Code     4  stm32f10x_it.o(.text)
    MemManage_Handler                        0x080002b3   Thumb Code     4  stm32f10x_it.o(.text)
    BusFault_Handler                         0x080002b7   Thumb Code     4  stm32f10x_it.o(.text)
    UsageFault_Handler                       0x080002bb   Thumb Code     4  stm32f10x_it.o(.text)
    SVC_Handler                              0x080002bf   Thumb Code     2  stm32f10x_it.o(.text)
    DebugMon_Handler                         0x080002c1   Thumb Code     2  stm32f10x_it.o(.text)
    PendSV_Handler                           0x080002c3   Thumb Code     2  stm32f10x_it.o(.text)
    SysTick_Handler                          0x080002c5   Thumb Code     2  stm32f10x_it.o(.text)
    USART2_IRQHandler                        0x080002c7   Thumb Code    62  stm32f10x_it.o(.text)
    EXTI9_5_IRQHandler                       0x08000305   Thumb Code   270  stm32f10x_it.o(.text)
    LED_GPIO_Config                          0x08000439   Thumb Code    46  led.o(.text)
    Led_Flash                                0x08000467   Thumb Code    30  led.o(.text)
    delay_init                               0x08000495   Thumb Code    48  delay.o(.text)
    delay_us                                 0x080004c5   Thumb Code    56  delay.o(.text)
    delay_ms                                 0x080004fd   Thumb Code    66  delay.o(.text)
    abs                                      0x08000549   Thumb Code    24  motor.o(.text)
    motor_pid_init                           0x08000561   Thumb Code    26  motor.o(.text)
    motor_out                                0x0800057b   Thumb Code    48  motor.o(.text)
    Set_target                               0x080005ab   Thumb Code   100  motor.o(.text)
    Motor_init                               0x0800060f   Thumb Code    72  motor.o(.text)
    task_motor_control                       0x08000657   Thumb Code   250  motor.o(.text)
    Uart_para_init                           0x0800077d   Thumb Code   146  uart.o(.text)
    DMA_Uart_config                          0x0800080f   Thumb Code    90  uart.o(.text)
    NVIC_Configuration                       0x08000869   Thumb Code    38  uart.o(.text)
    USART2_Config                            0x0800088f   Thumb Code   128  uart.o(.text)
    usart_send_byte                          0x0800090f   Thumb Code    32  uart.o(.text)
    usart_send_string                        0x0800092f   Thumb Code    24  uart.o(.text)
    task_uart_detect                         0x08000947   Thumb Code   184  uart.o(.text)
    send_some_bytes                          0x080009ff   Thumb Code    24  uart.o(.text)
    Clock_init                               0x08000a2d   Thumb Code   122  clock.o(.text)
    TIM1_UP_IRQHandler                       0x08000aa7   Thumb Code   176  clock.o(.text)
    Sonic_para_init                          0x08000b79   Thumb Code    32  sonic.o(.text)
    EXTI_choose_rise                         0x08000c19   Thumb Code    26  sonic.o(.text)
    Sonic_init                               0x08000c33   Thumb Code    98  sonic.o(.text)
    clear_exti_flag                          0x08000c95   Thumb Code    20  sonic.o(.text)
    Enable_EXTI                              0x08000ca9   Thumb Code    30  sonic.o(.text)
    Disable_EXTI                             0x08000cc7   Thumb Code    30  sonic.o(.text)
    EXTI_choose_fall                         0x08000ce5   Thumb Code    30  sonic.o(.text)
    delay_nus                                0x08000d03   Thumb Code    30  sonic.o(.text)
    Sonic_start                              0x08000d21   Thumb Code   102  sonic.o(.text)
    Sonic_update                             0x08000d87   Thumb Code   138  sonic.o(.text)
    Float_to_Byte                            0x08000e25   Thumb Code    28  protocal.o(.text)
    Proto_send                               0x08000e41   Thumb Code    72  protocal.o(.text)
    Byte_to_Float                            0x08000e89   Thumb Code    46  protocal.o(.text)
    protocol_rev                             0x08000eb7   Thumb Code   126  protocal.o(.text)
    protocol_crc                             0x08000f35   Thumb Code    28  protocal.o(.text)
    CAN1_GPIOConfig                          0x08000f5d   Thumb Code    86  can1.o(.text)
    CAN1_NVIC_Configuration                  0x08000fb3   Thumb Code    32  can1.o(.text)
    CAN1_Configuration                       0x08000fd3   Thumb Code   250  can1.o(.text)
    CAN1_Send                                0x080010cd   Thumb Code    90  can1.o(.text)
    USB_LP_CAN1_RX0_IRQHandler               0x08001127   Thumb Code    20  can1.o(.text)
    RoboModule_reset                         0x0800114d   Thumb Code    48  robotmoduledriver.o(.text)
    RoboModule_set_mode                      0x0800117d   Thumb Code    48  robotmoduledriver.o(.text)
    RoboModule_open_loop_mode_set_data       0x080011ad   Thumb Code    52  robotmoduledriver.o(.text)
    RoboModule_config                        0x080011e1   Thumb Code    56  robotmoduledriver.o(.text)
    RoboModule_detect_online                 0x08001219   Thumb Code    52  robotmoduledriver.o(.text)
    RoboModule_rev_pro                       0x0800124d   Thumb Code    66  robotmoduledriver.o(.text)
    task_update_motor_data                   0x0800128f   Thumb Code    92  robotmoduledriver.o(.text)
    RCC_DeInit                               0x08001309   Thumb Code    64  stm32f10x_rcc.o(.text)
    RCC_HSEConfig                            0x08001349   Thumb Code    70  stm32f10x_rcc.o(.text)
    RCC_GetFlagStatus                        0x0800138f   Thumb Code    56  stm32f10x_rcc.o(.text)
    RCC_WaitForHSEStartUp                    0x080013c7   Thumb Code    56  stm32f10x_rcc.o(.text)
    RCC_AdjustHSICalibrationValue            0x080013ff   Thumb Code    20  stm32f10x_rcc.o(.text)
    RCC_HSICmd                               0x08001413   Thumb Code     6  stm32f10x_rcc.o(.text)
    RCC_PLLConfig                            0x08001419   Thumb Code    24  stm32f10x_rcc.o(.text)
    RCC_PLLCmd                               0x08001431   Thumb Code     6  stm32f10x_rcc.o(.text)
    RCC_SYSCLKConfig                         0x08001437   Thumb Code    18  stm32f10x_rcc.o(.text)
    RCC_GetSYSCLKSource                      0x08001449   Thumb Code    10  stm32f10x_rcc.o(.text)
    RCC_HCLKConfig                           0x08001453   Thumb Code    18  stm32f10x_rcc.o(.text)
    RCC_PCLK1Config                          0x08001465   Thumb Code    18  stm32f10x_rcc.o(.text)
    RCC_PCLK2Config                          0x08001477   Thumb Code    20  stm32f10x_rcc.o(.text)
    RCC_ITConfig                             0x0800148b   Thumb Code    26  stm32f10x_rcc.o(.text)
    RCC_USBCLKConfig                         0x080014a5   Thumb Code     8  stm32f10x_rcc.o(.text)
    RCC_ADCCLKConfig                         0x080014ad   Thumb Code    18  stm32f10x_rcc.o(.text)
    RCC_LSEConfig                            0x080014bf   Thumb Code    50  stm32f10x_rcc.o(.text)
    RCC_LSICmd                               0x080014f1   Thumb Code     6  stm32f10x_rcc.o(.text)
    RCC_RTCCLKConfig                         0x080014f7   Thumb Code    12  stm32f10x_rcc.o(.text)
    RCC_RTCCLKCmd                            0x08001503   Thumb Code     8  stm32f10x_rcc.o(.text)
    RCC_GetClocksFreq                        0x0800150b   Thumb Code   192  stm32f10x_rcc.o(.text)
    RCC_AHBPeriphClockCmd                    0x080015cb   Thumb Code    26  stm32f10x_rcc.o(.text)
    RCC_APB2PeriphClockCmd                   0x080015e5   Thumb Code    26  stm32f10x_rcc.o(.text)
    RCC_APB1PeriphClockCmd                   0x080015ff   Thumb Code    26  stm32f10x_rcc.o(.text)
    RCC_APB2PeriphResetCmd                   0x08001619   Thumb Code    26  stm32f10x_rcc.o(.text)
    RCC_APB1PeriphResetCmd                   0x08001633   Thumb Code    26  stm32f10x_rcc.o(.text)
    RCC_BackupResetCmd                       0x0800164d   Thumb Code     8  stm32f10x_rcc.o(.text)
    RCC_ClockSecuritySystemCmd               0x08001655   Thumb Code     6  stm32f10x_rcc.o(.text)
    RCC_MCOConfig                            0x0800165b   Thumb Code     6  stm32f10x_rcc.o(.text)
    RCC_ClearFlag                            0x08001661   Thumb Code    14  stm32f10x_rcc.o(.text)
    RCC_GetITStatus                          0x0800166f   Thumb Code    20  stm32f10x_rcc.o(.text)
    RCC_ClearITPendingBit                    0x08001683   Thumb Code     6  stm32f10x_rcc.o(.text)
    GPIO_DeInit                              0x080016ad   Thumb Code   172  stm32f10x_gpio.o(.text)
    GPIO_AFIODeInit                          0x08001759   Thumb Code    20  stm32f10x_gpio.o(.text)
    GPIO_Init                                0x0800176d   Thumb Code   278  stm32f10x_gpio.o(.text)
    GPIO_StructInit                          0x08001883   Thumb Code    16  stm32f10x_gpio.o(.text)
    GPIO_ReadInputDataBit                    0x08001893   Thumb Code    18  stm32f10x_gpio.o(.text)
    GPIO_ReadInputData                       0x080018a5   Thumb Code     8  stm32f10x_gpio.o(.text)
    GPIO_ReadOutputDataBit                   0x080018ad   Thumb Code    18  stm32f10x_gpio.o(.text)
    GPIO_ReadOutputData                      0x080018bf   Thumb Code     8  stm32f10x_gpio.o(.text)
    GPIO_SetBits                             0x080018c7   Thumb Code     4  stm32f10x_gpio.o(.text)
    GPIO_ResetBits                           0x080018cb   Thumb Code     4  stm32f10x_gpio.o(.text)
    GPIO_WriteBit                            0x080018cf   Thumb Code    10  stm32f10x_gpio.o(.text)
    GPIO_Write                               0x080018d9   Thumb Code     4  stm32f10x_gpio.o(.text)
    GPIO_PinLockConfig                       0x080018dd   Thumb Code    18  stm32f10x_gpio.o(.text)
    GPIO_EventOutputConfig                   0x080018ef   Thumb Code    26  stm32f10x_gpio.o(.text)
    GPIO_EventOutputCmd                      0x08001909   Thumb Code     6  stm32f10x_gpio.o(.text)
    GPIO_PinRemapConfig                      0x0800190f   Thumb Code   138  stm32f10x_gpio.o(.text)
    GPIO_EXTILineConfig                      0x08001999   Thumb Code    66  stm32f10x_gpio.o(.text)
    GPIO_ETH_MediaInterfaceConfig            0x080019db   Thumb Code     8  stm32f10x_gpio.o(.text)
    TIM_DeInit                               0x08001a09   Thumb Code   424  stm32f10x_tim.o(.text)
    TIM_TimeBaseInit                         0x08001bb1   Thumb Code   122  stm32f10x_tim.o(.text)
    TIM_OC1Init                              0x08001c2b   Thumb Code   132  stm32f10x_tim.o(.text)
    TIM_OC2Init                              0x08001caf   Thumb Code   154  stm32f10x_tim.o(.text)
    TIM_OC3Init                              0x08001d49   Thumb Code   150  stm32f10x_tim.o(.text)
    TIM_OC4Init                              0x08001ddf   Thumb Code   182  stm32f10x_tim.o(.text)
    TIM_SetIC4Prescaler                      0x08001e95   Thumb Code    26  stm32f10x_tim.o(.text)
    TIM_SetIC3Prescaler                      0x08001f31   Thumb Code    18  stm32f10x_tim.o(.text)
    TIM_SetIC2Prescaler                      0x08001fbd   Thumb Code    26  stm32f10x_tim.o(.text)
    TIM_SetIC1Prescaler                      0x08002059   Thumb Code    18  stm32f10x_tim.o(.text)
    TIM_ICInit                               0x080020d7   Thumb Code   150  stm32f10x_tim.o(.text)
    TIM_PWMIConfig                           0x0800216d   Thumb Code   124  stm32f10x_tim.o(.text)
    TIM_BDTRConfig                           0x080021e9   Thumb Code    32  stm32f10x_tim.o(.text)
    TIM_TimeBaseStructInit                   0x08002209   Thumb Code    18  stm32f10x_tim.o(.text)
    TIM_OCStructInit                         0x0800221b   Thumb Code    20  stm32f10x_tim.o(.text)
    TIM_ICStructInit                         0x0800222f   Thumb Code    18  stm32f10x_tim.o(.text)
    TIM_BDTRStructInit                       0x08002241   Thumb Code    40  stm32f10x_tim.o(.text)
    TIM_Cmd                                  0x08002269   Thumb Code    24  stm32f10x_tim.o(.text)
    TIM_CtrlPWMOutputs                       0x08002281   Thumb Code    30  stm32f10x_tim.o(.text)
    TIM_ITConfig                             0x0800229f   Thumb Code    18  stm32f10x_tim.o(.text)
    TIM_GenerateEvent                        0x080022b1   Thumb Code     4  stm32f10x_tim.o(.text)
    TIM_DMAConfig                            0x080022b5   Thumb Code    10  stm32f10x_tim.o(.text)
    TIM_DMACmd                               0x080022bf   Thumb Code    18  stm32f10x_tim.o(.text)
    TIM_InternalClockConfig                  0x080022d1   Thumb Code    12  stm32f10x_tim.o(.text)
    TIM_SelectInputTrigger                   0x080022dd   Thumb Code    18  stm32f10x_tim.o(.text)
    TIM_ITRxExternalClockConfig              0x080022ef   Thumb Code    24  stm32f10x_tim.o(.text)
    TIM_TIxExternalClockConfig               0x08002307   Thumb Code    62  stm32f10x_tim.o(.text)
    TIM_ETRConfig                            0x08002345   Thumb Code    28  stm32f10x_tim.o(.text)
    TIM_ETRClockMode1Config                  0x08002361   Thumb Code    54  stm32f10x_tim.o(.text)
    TIM_ETRClockMode2Config                  0x08002397   Thumb Code    32  stm32f10x_tim.o(.text)
    TIM_PrescalerConfig                      0x080023b7   Thumb Code     6  stm32f10x_tim.o(.text)
    TIM_CounterModeConfig                    0x080023bd   Thumb Code    18  stm32f10x_tim.o(.text)
    TIM_EncoderInterfaceConfig               0x080023cf   Thumb Code    66  stm32f10x_tim.o(.text)
    TIM_ForcedOC1Config                      0x08002411   Thumb Code    18  stm32f10x_tim.o(.text)
    TIM_ForcedOC2Config                      0x08002423   Thumb Code    26  stm32f10x_tim.o(.text)
    TIM_ForcedOC3Config                      0x0800243d   Thumb Code    18  stm32f10x_tim.o(.text)
    TIM_ForcedOC4Config                      0x0800244f   Thumb Code    26  stm32f10x_tim.o(.text)
    TIM_ARRPreloadConfig                     0x08002469   Thumb Code    24  stm32f10x_tim.o(.text)
    TIM_SelectCOM                            0x08002481   Thumb Code    24  stm32f10x_tim.o(.text)
    TIM_SelectCCDMA                          0x08002499   Thumb Code    24  stm32f10x_tim.o(.text)
    TIM_CCPreloadControl                     0x080024b1   Thumb Code    24  stm32f10x_tim.o(.text)
    TIM_OC1PreloadConfig                     0x080024c9   Thumb Code    18  stm32f10x_tim.o(.text)
    TIM_OC2PreloadConfig                     0x080024db   Thumb Code    26  stm32f10x_tim.o(.text)
    TIM_OC3PreloadConfig                     0x080024f5   Thumb Code    18  stm32f10x_tim.o(.text)
    TIM_OC4PreloadConfig                     0x08002507   Thumb Code    26  stm32f10x_tim.o(.text)
    TIM_OC1FastConfig                        0x08002521   Thumb Code    18  stm32f10x_tim.o(.text)
    TIM_OC2FastConfig                        0x08002533   Thumb Code    26  stm32f10x_tim.o(.text)
    TIM_OC3FastConfig                        0x0800254d   Thumb Code    18  stm32f10x_tim.o(.text)
    TIM_OC4FastConfig                        0x0800255f   Thumb Code    26  stm32f10x_tim.o(.text)
    TIM_ClearOC1Ref                          0x08002579   Thumb Code    18  stm32f10x_tim.o(.text)
    TIM_ClearOC2Ref                          0x0800258b   Thumb Code    24  stm32f10x_tim.o(.text)
    TIM_ClearOC3Ref                          0x080025a3   Thumb Code    18  stm32f10x_tim.o(.text)
    TIM_ClearOC4Ref                          0x080025b5   Thumb Code    24  stm32f10x_tim.o(.text)
    TIM_OC1PolarityConfig                    0x080025cd   Thumb Code    18  stm32f10x_tim.o(.text)
    TIM_OC1NPolarityConfig                   0x080025df   Thumb Code    18  stm32f10x_tim.o(.text)
    TIM_OC2PolarityConfig                    0x080025f1   Thumb Code    26  stm32f10x_tim.o(.text)
    TIM_OC2NPolarityConfig                   0x0800260b   Thumb Code    26  stm32f10x_tim.o(.text)
    TIM_OC3PolarityConfig                    0x08002625   Thumb Code    26  stm32f10x_tim.o(.text)
    TIM_OC3NPolarityConfig                   0x0800263f   Thumb Code    26  stm32f10x_tim.o(.text)
    TIM_OC4PolarityConfig                    0x08002659   Thumb Code    26  stm32f10x_tim.o(.text)
    TIM_CCxCmd                               0x08002673   Thumb Code    30  stm32f10x_tim.o(.text)
    TIM_CCxNCmd                              0x08002691   Thumb Code    30  stm32f10x_tim.o(.text)
    TIM_SelectOCxM                           0x080026af   Thumb Code    82  stm32f10x_tim.o(.text)
    TIM_UpdateDisableConfig                  0x08002701   Thumb Code    24  stm32f10x_tim.o(.text)
    TIM_UpdateRequestConfig                  0x08002719   Thumb Code    24  stm32f10x_tim.o(.text)
    TIM_SelectHallSensor                     0x08002731   Thumb Code    24  stm32f10x_tim.o(.text)
    TIM_SelectOnePulseMode                   0x08002749   Thumb Code    18  stm32f10x_tim.o(.text)
    TIM_SelectOutputTrigger                  0x0800275b   Thumb Code    18  stm32f10x_tim.o(.text)
    TIM_SelectSlaveMode                      0x0800276d   Thumb Code    18  stm32f10x_tim.o(.text)
    TIM_SelectMasterSlaveMode                0x0800277f   Thumb Code    18  stm32f10x_tim.o(.text)
    TIM_SetCounter                           0x08002791   Thumb Code     4  stm32f10x_tim.o(.text)
    TIM_SetAutoreload                        0x08002795   Thumb Code     4  stm32f10x_tim.o(.text)
    TIM_SetCompare1                          0x08002799   Thumb Code     4  stm32f10x_tim.o(.text)
    TIM_SetCompare2                          0x0800279d   Thumb Code     4  stm32f10x_tim.o(.text)
    TIM_SetCompare3                          0x080027a1   Thumb Code     4  stm32f10x_tim.o(.text)
    TIM_SetCompare4                          0x080027a5   Thumb Code     6  stm32f10x_tim.o(.text)
    TIM_SetClockDivision                     0x080027ab   Thumb Code    18  stm32f10x_tim.o(.text)
    TIM_GetCapture1                          0x080027bd   Thumb Code     6  stm32f10x_tim.o(.text)
    TIM_GetCapture2                          0x080027c3   Thumb Code     6  stm32f10x_tim.o(.text)
    TIM_GetCapture3                          0x080027c9   Thumb Code     6  stm32f10x_tim.o(.text)
    TIM_GetCapture4                          0x080027cf   Thumb Code     8  stm32f10x_tim.o(.text)
    TIM_GetCounter                           0x080027d7   Thumb Code     6  stm32f10x_tim.o(.text)
    TIM_GetPrescaler                         0x080027dd   Thumb Code     6  stm32f10x_tim.o(.text)
    TIM_GetFlagStatus                        0x080027e3   Thumb Code    18  stm32f10x_tim.o(.text)
    TIM_ClearFlag                            0x080027f5   Thumb Code     6  stm32f10x_tim.o(.text)
    TIM_GetITStatus                          0x080027fb   Thumb Code    34  stm32f10x_tim.o(.text)
    TIM_ClearITPendingBit                    0x0800281d   Thumb Code     6  stm32f10x_tim.o(.text)
    DMA_DeInit                               0x08002825   Thumb Code   324  stm32f10x_dma.o(.text)
    DMA_Init                                 0x08002969   Thumb Code    60  stm32f10x_dma.o(.text)
    DMA_StructInit                           0x080029a5   Thumb Code    26  stm32f10x_dma.o(.text)
    DMA_Cmd                                  0x080029bf   Thumb Code    24  stm32f10x_dma.o(.text)
    DMA_ITConfig                             0x080029d7   Thumb Code    18  stm32f10x_dma.o(.text)
    DMA_SetCurrDataCounter                   0x080029e9   Thumb Code     4  stm32f10x_dma.o(.text)
    DMA_GetCurrDataCounter                   0x080029ed   Thumb Code     8  stm32f10x_dma.o(.text)
    DMA_GetFlagStatus                        0x080029f5   Thumb Code    40  stm32f10x_dma.o(.text)
    DMA_ClearFlag                            0x08002a1d   Thumb Code    22  stm32f10x_dma.o(.text)
    DMA_GetITStatus                          0x08002a33   Thumb Code    40  stm32f10x_dma.o(.text)
    DMA_ClearITPendingBit                    0x08002a5b   Thumb Code    22  stm32f10x_dma.o(.text)
    USART_DeInit                             0x08002a79   Thumb Code   134  stm32f10x_usart.o(.text)
    USART_Init                               0x08002aff   Thumb Code   210  stm32f10x_usart.o(.text)
    USART_StructInit                         0x08002bd1   Thumb Code    24  stm32f10x_usart.o(.text)
    USART_ClockInit                          0x08002be9   Thumb Code    34  stm32f10x_usart.o(.text)
    USART_ClockStructInit                    0x08002c0b   Thumb Code    12  stm32f10x_usart.o(.text)
    USART_Cmd                                0x08002c17   Thumb Code    24  stm32f10x_usart.o(.text)
    USART_ITConfig                           0x08002c2f   Thumb Code    74  stm32f10x_usart.o(.text)
    USART_DMACmd                             0x08002c79   Thumb Code    18  stm32f10x_usart.o(.text)
    USART_SetAddress                         0x08002c8b   Thumb Code    18  stm32f10x_usart.o(.text)
    USART_WakeUpConfig                       0x08002c9d   Thumb Code    18  stm32f10x_usart.o(.text)
    USART_ReceiverWakeUpCmd                  0x08002caf   Thumb Code    24  stm32f10x_usart.o(.text)
    USART_LINBreakDetectLengthConfig         0x08002cc7   Thumb Code    18  stm32f10x_usart.o(.text)
    USART_LINCmd                             0x08002cd9   Thumb Code    24  stm32f10x_usart.o(.text)
    USART_SendData                           0x08002cf1   Thumb Code     8  stm32f10x_usart.o(.text)
    USART_ReceiveData                        0x08002cf9   Thumb Code    10  stm32f10x_usart.o(.text)
    USART_SendBreak                          0x08002d03   Thumb Code    10  stm32f10x_usart.o(.text)
    USART_SetGuardTime                       0x08002d0d   Thumb Code    16  stm32f10x_usart.o(.text)
    USART_SetPrescaler                       0x08002d1d   Thumb Code    16  stm32f10x_usart.o(.text)
    USART_SmartCardCmd                       0x08002d2d   Thumb Code    24  stm32f10x_usart.o(.text)
    USART_SmartCardNACKCmd                   0x08002d45   Thumb Code    24  stm32f10x_usart.o(.text)
    USART_HalfDuplexCmd                      0x08002d5d   Thumb Code    24  stm32f10x_usart.o(.text)
    USART_OverSampling8Cmd                   0x08002d75   Thumb Code    22  stm32f10x_usart.o(.text)
    USART_OneBitMethodCmd                    0x08002d8b   Thumb Code    24  stm32f10x_usart.o(.text)
    USART_IrDAConfig                         0x08002da3   Thumb Code    18  stm32f10x_usart.o(.text)
    USART_IrDACmd                            0x08002db5   Thumb Code    24  stm32f10x_usart.o(.text)
    USART_GetFlagStatus                      0x08002dcd   Thumb Code    26  stm32f10x_usart.o(.text)
    USART_ClearFlag                          0x08002de7   Thumb Code    18  stm32f10x_usart.o(.text)
    USART_GetITStatus                        0x08002df9   Thumb Code    84  stm32f10x_usart.o(.text)
    USART_ClearITPendingBit                  0x08002e4d   Thumb Code    52  stm32f10x_usart.o(.text)
    NVIC_PriorityGroupConfig                 0x08002e81   Thumb Code    10  misc.o(.text)
    NVIC_Init                                0x08002e8b   Thumb Code   100  misc.o(.text)
    NVIC_SetVectorTable                      0x08002eef   Thumb Code    14  misc.o(.text)
    NVIC_SystemLPConfig                      0x08002efd   Thumb Code    34  misc.o(.text)
    SysTick_CLKSourceConfig                  0x08002f1f   Thumb Code    40  misc.o(.text)
    EXTI_DeInit                              0x08002f5d   Thumb Code    28  stm32f10x_exti.o(.text)
    EXTI_Init                                0x08002f79   Thumb Code   142  stm32f10x_exti.o(.text)
    EXTI_StructInit                          0x08003007   Thumb Code    16  stm32f10x_exti.o(.text)
    EXTI_GenerateSWInterrupt                 0x08003017   Thumb Code    16  stm32f10x_exti.o(.text)
    EXTI_GetFlagStatus                       0x08003027   Thumb Code    22  stm32f10x_exti.o(.text)
    EXTI_ClearFlag                           0x0800303d   Thumb Code     8  stm32f10x_exti.o(.text)
    EXTI_GetITStatus                         0x08003045   Thumb Code    34  stm32f10x_exti.o(.text)
    EXTI_ClearITPendingBit                   0x08003067   Thumb Code     8  stm32f10x_exti.o(.text)
    CAN_DeInit                               0x08003079   Thumb Code    50  stm32f10x_can.o(.text)
    CAN_Init                                 0x080030ab   Thumb Code   276  stm32f10x_can.o(.text)
    CAN_FilterInit                           0x080031bf   Thumb Code   258  stm32f10x_can.o(.text)
    CAN_StructInit                           0x080032c1   Thumb Code    32  stm32f10x_can.o(.text)
    CAN_SlaveStartBank                       0x080032e1   Thumb Code    48  stm32f10x_can.o(.text)
    CAN_DBGFreeze                            0x08003311   Thumb Code    22  stm32f10x_can.o(.text)
    CAN_TTComModeCmd                         0x08003327   Thumb Code   118  stm32f10x_can.o(.text)
    CAN_Transmit                             0x0800339d   Thumb Code   304  stm32f10x_can.o(.text)
    CAN_TransmitStatus                       0x080034cd   Thumb Code   138  stm32f10x_can.o(.text)
    CAN_CancelTransmit                       0x08003557   Thumb Code    48  stm32f10x_can.o(.text)
    CAN_Receive                              0x08003587   Thumb Code   240  stm32f10x_can.o(.text)
    CAN_FIFORelease                          0x08003677   Thumb Code    22  stm32f10x_can.o(.text)
    CAN_MessagePending                       0x0800368d   Thumb Code    30  stm32f10x_can.o(.text)
    CAN_OperatingModeRequest                 0x080036ab   Thumb Code   162  stm32f10x_can.o(.text)
    CAN_Sleep                                0x0800374d   Thumb Code    30  stm32f10x_can.o(.text)
    CAN_WakeUp                               0x0800376b   Thumb Code    48  stm32f10x_can.o(.text)
    CAN_GetLastErrorCode                     0x0800379b   Thumb Code    12  stm32f10x_can.o(.text)
    CAN_GetReceiveErrorCounter               0x080037a7   Thumb Code    10  stm32f10x_can.o(.text)
    CAN_GetLSBTransmitErrorCounter           0x080037b1   Thumb Code    12  stm32f10x_can.o(.text)
    CAN_ITConfig                             0x080037bd   Thumb Code    18  stm32f10x_can.o(.text)
    CAN_GetFlagStatus                        0x080037cf   Thumb Code   120  stm32f10x_can.o(.text)
    CAN_ClearFlag                            0x08003847   Thumb Code    52  stm32f10x_can.o(.text)
    CAN_GetITStatus                          0x0800388d   Thumb Code   310  stm32f10x_can.o(.text)
    CAN_ClearITPendingBit                    0x080039c3   Thumb Code   162  stm32f10x_can.o(.text)
    SystemInit                               0x08003b47   Thumb Code    78  system_stm32f10x.o(.text)
    SystemCoreClockUpdate                    0x08003b95   Thumb Code   142  system_stm32f10x.o(.text)
    __aeabi_fadd                             0x08003c49   Thumb Code   164  fadd.o(.text)
    __aeabi_fsub                             0x08003ced   Thumb Code     6  fadd.o(.text)
    __aeabi_frsub                            0x08003cf3   Thumb Code     6  fadd.o(.text)
    __aeabi_fmul                             0x08003cf9   Thumb Code   100  fmul.o(.text)
    __aeabi_fdiv                             0x08003d5d   Thumb Code   124  fdiv.o(.text)
    __aeabi_dmul                             0x08003dd9   Thumb Code   228  dmul.o(.text)
    __aeabi_ddiv                             0x08003ebd   Thumb Code   222  ddiv.o(.text)
    __aeabi_i2f                              0x08003f9b   Thumb Code    18  fflti.o(.text)
    __aeabi_ui2f                             0x08003fad   Thumb Code    10  ffltui.o(.text)
    __aeabi_i2d                              0x08003fb7   Thumb Code    34  dflti.o(.text)
    __aeabi_f2iz                             0x08003fd9   Thumb Code    50  ffixi.o(.text)
    __aeabi_f2d                              0x0800400b   Thumb Code    38  f2d.o(.text)
    __aeabi_d2f                              0x08004031   Thumb Code    56  d2f.o(.text)
    __aeabi_cfcmpeq                          0x08004069   Thumb Code     0  cfcmple.o(.text)
    __aeabi_cfcmple                          0x08004069   Thumb Code    20  cfcmple.o(.text)
    __aeabi_cfrcmple                         0x0800407d   Thumb Code    20  cfrcmple.o(.text)
    __I$use$fp                               0x08004091   Thumb Code     0  iusefp.o(.text)
    _float_round                             0x08004091   Thumb Code    18  fepilogue.o(.text)
    _float_epilogue                          0x080040a3   Thumb Code    92  fepilogue.o(.text)
    _double_round                            0x080040ff   Thumb Code    26  depilogue.o(.text)
    _double_epilogue                         0x08004119   Thumb Code   156  depilogue.o(.text)
    __ARM_scalbn                             0x080041b5   Thumb Code    46  dscalb.o(.text)
    scalbn                                   0x080041b5   Thumb Code     0  dscalb.o(.text)
    __scatterload                            0x080041e5   Thumb Code    28  init.o(.text)
    __scatterload_rt2                        0x080041e5   Thumb Code     0  init.o(.text)
    __aeabi_llsl                             0x08004209   Thumb Code    30  llshl.o(.text)
    _ll_shift_l                              0x08004209   Thumb Code     0  llshl.o(.text)
    __aeabi_llsr                             0x08004227   Thumb Code    32  llushr.o(.text)
    _ll_ushift_r                             0x08004227   Thumb Code     0  llushr.o(.text)
    __aeabi_dadd                             0x08004247   Thumb Code   322  dadd.o(.text)
    __aeabi_dsub                             0x08004389   Thumb Code     6  dadd.o(.text)
    __aeabi_drsub                            0x0800438f   Thumb Code     6  dadd.o(.text)
    __aeabi_ui2d                             0x08004395   Thumb Code    26  dfltui.o(.text)
    __aeabi_d2iz                             0x080043af   Thumb Code    62  dfixi.o(.text)
    __aeabi_lasr                             0x080043ed   Thumb Code    36  llsshr.o(.text)
    _ll_sshift_r                             0x080043ed   Thumb Code     0  llsshr.o(.text)
    __ARM_fpclassify                         0x08004411   Thumb Code    40  fpclassify.o(i.__ARM_fpclassify)
    __ieee754_rem_pio2                       0x08004439   Thumb Code   830  rred.o(i.__ieee754_rem_pio2)
    __kernel_cos                             0x080047c1   Thumb Code   230  cos_i.o(i.__kernel_cos)
    __kernel_poly                            0x080048bd   Thumb Code   170  poly.o(i.__kernel_poly)
    __kernel_sin                             0x08004969   Thumb Code   224  sin_i.o(i.__kernel_sin)
    __mathlib_dbl_underflow                  0x08004a55   Thumb Code    10  dunder.o(i.__mathlib_dbl_underflow)
    __scatterload_copy                       0x08004a65   Thumb Code    14  handlers.o(i.__scatterload_copy)
    __scatterload_null                       0x08004a73   Thumb Code     2  handlers.o(i.__scatterload_null)
    __scatterload_zeroinit                   0x08004a75   Thumb Code    14  handlers.o(i.__scatterload_zeroinit)
    __set_errno                              0x08004a85   Thumb Code     6  errno.o(i.__set_errno)
    sin                                      0x08004a91   Thumb Code   166  sin.o(i.sin)
    Region$$Table$$Base                      0x08004c60   Number         0  anon$$obj.o(Region$$Table)
    Region$$Table$$Limit                     0x08004c80   Number         0  anon$$obj.o(Region$$Table)
    target                                   0x20000000   Data           2  main.o(.data)
    tim6_cnt                                 0x20000002   Data           2  main.o(.data)
    exti_switch                              0x20000004   Data           1  main.o(.data)
    x                                        0x20000008   Data           4  main.o(.data)
    x_buff                                   0x2000000c   Data           4  main.o(.data)
    robot_data                               0x20000010   Data           8  main.o(.data)
    exti_flag                                0x20000018   Data           2  stm32f10x_it.o(.data)
    crc                                      0x2000001a   Data           1  stm32f10x_it.o(.data)
    distance                                 0x2000001c   Data           2  stm32f10x_it.o(.data)
    Motor_Clock                              0x20000024   Data           4  motor.o(.data)
    led_cnt                                  0x20000028   Data           4  clock.o(.data)
    Global_clock                             0x2000002c   Data           4  clock.o(.data)
    send_clock                               0x20000030   Data           4  clock.o(.data)
    flag                                     0x20000034   Data           4  clock.o(.data)
    Index                                    0x20000038   Data           2  clock.o(.data)
    control_sweep                            0x2000003a   Data           1  clock.o(.data)
    SystemCoreClock                          0x20000050   Data           4  system_stm32f10x.o(.data)
    AHBPrescTable                            0x20000054   Data          16  system_stm32f10x.o(.data)
    s_buff                                   0x20000068   Data        4000  main.o(.bss)
    send_buff                                0x20001008   Data          10  main.o(.bss)
    s_pid_para                               0x20001014   Data          36  motor.o(.bss)
    s_sonic                                  0x20001038   Data          36  sonic.o(.bss)
    s_communication                          0x2000105c   Data         408  protocal.o(.bss)
    s_can_msg                                0x200011f4   Data          36  can1.o(.bss)
    s_robo_module                            0x20001218   Data          16  robotmoduledriver.o(.bss)
    __initial_sp                             0x20001628   Data           0  startup_stm32f10x_md.o(STACK)



==============================================================================

Memory Map of the image

  Image Entry point : 0x080000ed

  Load Region LR_IROM1 (Base: 0x08000000, Size: 0x00004ce8, Max: 0x00010000, ABSOLUTE)

    Execution Region ER_IROM1 (Base: 0x08000000, Size: 0x00004c80, Max: 0x00010000, ABSOLUTE)

    Base Addr    Size         Type   Attr      Idx    E Section Name        Object

    0x08000000   0x000000ec   Data   RO            3    RESET               startup_stm32f10x_md.o
    0x080000ec   0x00000000   Code   RO          489  * .ARM.Collect$$$$00000000  mc_w.l(entry.o)
    0x080000ec   0x00000004   Code   RO          532    .ARM.Collect$$$$00000001  mc_w.l(entry2.o)
    0x080000f0   0x00000004   Code   RO          535    .ARM.Collect$$$$00000004  mc_w.l(entry5.o)
    0x080000f4   0x00000000   Code   RO          537    .ARM.Collect$$$$00000008  mc_w.l(entry7b.o)
    0x080000f4   0x00000000   Code   RO          539    .ARM.Collect$$$$0000000A  mc_w.l(entry8b.o)
    0x080000f4   0x00000008   Code   RO          540    .ARM.Collect$$$$0000000B  mc_w.l(entry9a.o)
    0x080000fc   0x00000000   Code   RO          542    .ARM.Collect$$$$0000000D  mc_w.l(entry10a.o)
    0x080000fc   0x00000000   Code   RO          544    .ARM.Collect$$$$0000000F  mc_w.l(entry11a.o)
    0x080000fc   0x00000004   Code   RO          533    .ARM.Collect$$$$00002712  mc_w.l(entry2.o)
    0x08000100   0x00000024   Code   RO            4    .text               startup_stm32f10x_md.o
    0x08000124   0x00000188   Code   RO           10    .text               main.o
    0x080002ac   0x0000018c   Code   RO          123    .text               stm32f10x_it.o
    0x08000438   0x0000005c   Code   RO          141    .text               led.o
    0x08000494   0x000000b4   Code   RO          157    .text               delay.o
    0x08000548   0x00000234   Code   RO          171    .text               motor.o
    0x0800077c   0x000002b0   Code   RO          191    .text               uart.o
    0x08000a2c   0x0000014c   Code   RO          203    .text               clock.o
    0x08000b78   0x000002ac   Code   RO          265    .text               sonic.o
    0x08000e24   0x00000138   Code   RO          283    .text               protocal.o
    0x08000f5c   0x000001f0   Code   RO          301    .text               can1.o
    0x0800114c   0x000001bc   Code   RO          320    .text               robotmoduledriver.o
    0x08001308   0x000003a4   Code   RO          343    .text               stm32f10x_rcc.o
    0x080016ac   0x0000035c   Code   RO          357    .text               stm32f10x_gpio.o
    0x08001a08   0x00000e1a   Code   RO          369    .text               stm32f10x_tim.o
    0x08002822   0x00000002   PAD
    0x08002824   0x00000254   Code   RO          381    .text               stm32f10x_dma.o
    0x08002a78   0x00000408   Code   RO          393    .text               stm32f10x_usart.o
    0x08002e80   0x000000dc   Code   RO          405    .text               misc.o
    0x08002f5c   0x0000011c   Code   RO          429    .text               stm32f10x_exti.o
    0x08003078   0x000009f0   Code   RO          441    .text               stm32f10x_can.o
    0x08003a68   0x000001e0   Code   RO          463    .text               system_stm32f10x.o
    0x08003c48   0x000000b0   Code   RO          492    .text               mf_w.l(fadd.o)
    0x08003cf8   0x00000064   Code   RO          494    .text               mf_w.l(fmul.o)
    0x08003d5c   0x0000007c   Code   RO          496    .text               mf_w.l(fdiv.o)
    0x08003dd8   0x000000e4   Code   RO          498    .text               mf_w.l(dmul.o)
    0x08003ebc   0x000000de   Code   RO          500    .text               mf_w.l(ddiv.o)
    0x08003f9a   0x00000012   Code   RO          502    .text               mf_w.l(fflti.o)
    0x08003fac   0x0000000a   Code   RO          504    .text               mf_w.l(ffltui.o)
    0x08003fb6   0x00000022   Code   RO          506    .text               mf_w.l(dflti.o)
    0x08003fd8   0x00000032   Code   RO          508    .text               mf_w.l(ffixi.o)
    0x0800400a   0x00000026   Code   RO          510    .text               mf_w.l(f2d.o)
    0x08004030   0x00000038   Code   RO          512    .text               mf_w.l(d2f.o)
    0x08004068   0x00000014   Code   RO          514    .text               mf_w.l(cfcmple.o)
    0x0800407c   0x00000014   Code   RO          516    .text               mf_w.l(cfrcmple.o)
    0x08004090   0x00000000   Code   RO          553    .text               mc_w.l(iusefp.o)
    0x08004090   0x0000006e   Code   RO          554    .text               mf_w.l(fepilogue.o)
    0x080040fe   0x000000b6   Code   RO          556    .text               mf_w.l(depilogue.o)
    0x080041b4   0x0000002e   Code   RO          558    .text               mf_w.l(dscalb.o)
    0x080041e2   0x00000002   PAD
    0x080041e4   0x00000024   Code   RO          566    .text               mc_w.l(init.o)
    0x08004208   0x0000001e   Code   RO          568    .text               mc_w.l(llshl.o)
    0x08004226   0x00000020   Code   RO          570    .text               mc_w.l(llushr.o)
    0x08004246   0x0000014e   Code   RO          572    .text               mf_w.l(dadd.o)
    0x08004394   0x0000001a   Code   RO          574    .text               mf_w.l(dfltui.o)
    0x080043ae   0x0000003e   Code   RO          576    .text               mf_w.l(dfixi.o)
    0x080043ec   0x00000024   Code   RO          578    .text               mc_w.l(llsshr.o)
    0x08004410   0x00000028   Code   RO          562    i.__ARM_fpclassify  m_ws.l(fpclassify.o)
    0x08004438   0x00000388   Code   RO          521    i.__ieee754_rem_pio2  m_ws.l(rred.o)
    0x080047c0   0x000000fc   Code   RO          518    i.__kernel_cos      m_ws.l(cos_i.o)
    0x080048bc   0x000000aa   Code   RO          564    i.__kernel_poly     m_ws.l(poly.o)
    0x08004966   0x00000002   PAD
    0x08004968   0x000000ec   Code   RO          526    i.__kernel_sin      m_ws.l(sin_i.o)
    0x08004a54   0x00000010   Code   RO          560    i.__mathlib_dbl_underflow  m_ws.l(dunder.o)
    0x08004a64   0x0000000e   Code   RO          582    i.__scatterload_copy  mc_w.l(handlers.o)
    0x08004a72   0x00000002   Code   RO          583    i.__scatterload_null  mc_w.l(handlers.o)
    0x08004a74   0x0000000e   Code   RO          584    i.__scatterload_zeroinit  mc_w.l(handlers.o)
    0x08004a82   0x00000002   PAD
    0x08004a84   0x0000000c   Code   RO          548    i.__set_errno       mc_w.l(errno.o)
    0x08004a90   0x000000b0   Code   RO          482    i.sin               m_ws.l(sin.o)
    0x08004b40   0x00000030   Data   RO          519    .constdata          m_ws.l(cos_i.o)
    0x08004b70   0x000000c8   Data   RO          523    .constdata          m_ws.l(rred.o)
    0x08004c38   0x00000028   Data   RO          527    .constdata          m_ws.l(sin_i.o)
    0x08004c60   0x00000020   Data   RO          580    Region$$Table       anon$$obj.o


    Execution Region RW_IRAM1 (Base: 0x20000000, Size: 0x00001628, Max: 0x00005000, ABSOLUTE)

    Base Addr    Size         Type   Attr      Idx    E Section Name        Object

    0x20000000   0x00000018   Data   RW           12    .data               main.o
    0x20000018   0x00000006   Data   RW          124    .data               stm32f10x_it.o
    0x2000001e   0x00000004   Data   RW          158    .data               delay.o
    0x20000022   0x00000002   PAD
    0x20000024   0x00000004   Data   RW          173    .data               motor.o
    0x20000028   0x00000013   Data   RW          204    .data               clock.o
    0x2000003b   0x00000014   Data   RW          344    .data               stm32f10x_rcc.o
    0x2000004f   0x00000001   PAD
    0x20000050   0x00000014   Data   RW          464    .data               system_stm32f10x.o
    0x20000064   0x00000004   Data   RW          549    .data               mc_w.l(errno.o)
    0x20000068   0x00000faa   Zero   RW           11    .bss                main.o
    0x20001012   0x00000002   PAD
    0x20001014   0x00000024   Zero   RW          172    .bss                motor.o
    0x20001038   0x00000024   Zero   RW          266    .bss                sonic.o
    0x2000105c   0x00000198   Zero   RW          284    .bss                protocal.o
    0x200011f4   0x00000024   Zero   RW          302    .bss                can1.o
    0x20001218   0x00000010   Zero   RW          321    .bss                robotmoduledriver.o
    0x20001228   0x00000400   Zero   RW            1    STACK               startup_stm32f10x_md.o


==============================================================================

Image component sizes


      Code (inc. data)   RO Data    RW Data    ZI Data      Debug   Object Name

       496         18          0          0         36       2633   can1.o
       332         34          0         19          0       1163   clock.o
       180         10          0          4          0        951   delay.o
        92         16          0          0          0        632   led.o
       392         34          0         24       4010     273156   main.o
       220         22          0          0          0       1713   misc.o
       564         44          0          4         36       2517   motor.o
       312         12          0          0        408       2601   protocal.o
       444         30          0          0         16       3366   robotmoduledriver.o
       684         20          0          0         36       2733   sonic.o
        36          8        236          0       1024        812   startup_stm32f10x_md.o
      2544         38          0          0          0       7768   stm32f10x_can.o
       596          8          0          0          0       4242   stm32f10x_dma.o
       284         10          0          0          0       2147   stm32f10x_exti.o
       860         38          0          0          0       5561   stm32f10x_gpio.o
       396         38          0          6          0       1896   stm32f10x_it.o
       932         36          0         20          0       8700   stm32f10x_rcc.o
      3610         88          0          0          0      22044   stm32f10x_tim.o
      1032         22          0          0          0       8280   stm32f10x_usart.o
       480         38          0         20          0       1731   system_stm32f10x.o
       688         22          0          0          0       2269   uart.o

    ----------------------------------------------------------------------
     15176        586        268        100       5568     356915   Object Totals
         0          0         32          0          0          0   (incl. Generated)
         2          0          0          3          2          0   (incl. Padding)

    ----------------------------------------------------------------------

      Code (inc. data)   RO Data    RW Data    ZI Data      Debug   Library Member Name

       252         22         48          0          0        124   cos_i.o
        16          6          0          0          0         68   dunder.o
        40          0          0          0          0         68   fpclassify.o
       170          0          0          0          0         96   poly.o
       904         74        200          0          0        140   rred.o
       176         10          0          0          0        116   sin.o
       236         12         40          0          0        128   sin_i.o
         0          0          0          0          0          0   entry.o
         0          0          0          0          0          0   entry10a.o
         0          0          0          0          0          0   entry11a.o
         8          4          0          0          0          0   entry2.o
         4          0          0          0          0          0   entry5.o
         0          0          0          0          0          0   entry7b.o
         0          0          0          0          0          0   entry8b.o
         8          4          0          0          0          0   entry9a.o
        12          6          0          4          0         68   errno.o
        30          0          0          0          0          0   handlers.o
        36          8          0          0          0         68   init.o
         0          0          0          0          0          0   iusefp.o
        30          0          0          0          0         68   llshl.o
        36          0          0          0          0         68   llsshr.o
        32          0          0          0          0         68   llushr.o
        20          0          0          0          0         68   cfcmple.o
        20          0          0          0          0         68   cfrcmple.o
        56          0          0          0          0         88   d2f.o
       334          0          0          0          0        148   dadd.o
       222          0          0          0          0        100   ddiv.o
       182          0          0          0          0        176   depilogue.o
        62          0          0          0          0         80   dfixi.o
        34          0          0          0          0         76   dflti.o
        26          0          0          0          0         76   dfltui.o
       228          0          0          0          0         96   dmul.o
        46          0          0          0          0         80   dscalb.o
        38          0          0          0          0         68   f2d.o
       176          0          0          0          0        140   fadd.o
       124          0          0          0          0         88   fdiv.o
       110          0          0          0          0        168   fepilogue.o
        50          0          0          0          0         68   ffixi.o
        18          0          0          0          0         68   fflti.o
        10          0          0          0          0         68   ffltui.o
       100          0          0          0          0         76   fmul.o

    ----------------------------------------------------------------------
      3852        146        288          4          0       2880   Library Totals
         6          0          0          0          0          0   (incl. Padding)

    ----------------------------------------------------------------------

      Code (inc. data)   RO Data    RW Data    ZI Data      Debug   Library Name

      1794        124        288          0          0        740   m_ws.l
       196         22          0          4          0        340   mc_w.l
      1856          0          0          0          0       1800   mf_w.l

    ----------------------------------------------------------------------
      3852        146        288          4          0       2880   Library Totals

    ----------------------------------------------------------------------

==============================================================================


      Code (inc. data)   RO Data    RW Data    ZI Data      Debug   

     19028        732        556        104       5568     356515   Grand Totals
     19028        732        556        104       5568     356515   ELF Image Totals
     19028        732        556        104          0          0   ROM Totals

==============================================================================

    Total RO  Size (Code + RO Data)                19584 (  19.13kB)
    Total RW  Size (RW Data + ZI Data)              5672 (   5.54kB)
    Total ROM Size (Code + RO Data + RW Data)      19688 (  19.23kB)

==============================================================================

